задание: 2.1.4
проект: 211-command-usb
устройство: 2e8a:000a
серийный номер: 5054316540A3259C
порт: /dev/ttyACM0
начало: 2026-10-07T20:59:43
   0.000 --> fw_info
   0.155 <-- fw_info
   0.155 <-- dbg read_line:110 got fw_info
   0.155 <-- object          address     value
   0.155 <-- main            0x10000329  0xb5f0
   0.155 <-- fw_info         0x100006a5  0x4b38
   0.155 <-- commands        0x10007df8
   0.156 <-- - enable      0x10000281
   0.156 <-- - disable     0x100002bd
   0.156 <-- - info        0x100002f9
   0.156 <-- - version     0x10000301
   0.156 <-- - ping        0x10000309
   0.156 <-- - mem_info    0x10000319
   0.156 <-- - fw_info     0x10000321
   0.157 <-- DEVICE_PROJECT  0x100078d0  211-command-usb
   0.157 <-- DEVICE_BOARD    0x1000792c  pico
   0.157 <-- data_variable   0x20000f98  101
   0.157 <-- bss_variable    0x20001e80  1
   0.157 <-- stack_variable  0x20041f7c  1946
   0.157 <-- heap_variable   0x20002378  1951
   2.161 --> fw_info
   2.318 <-- fw_info
   2.318 <-- dbg read_line:110 got fw_info
   2.318 <-- object          address     value
   2.318 <-- main            0x10000329  0xb5f0
   2.318 <-- fw_info         0x100006a5  0x4b38
   2.319 <-- commands        0x10007df8
   2.319 <-- - enable      0x10000281
   2.319 <-- - disable     0x100002bd
   2.319 <-- - info        0x100002f9
   2.319 <-- - version     0x10000301
   2.319 <-- - ping        0x10000309
   2.319 <-- - mem_info    0x10000319
   2.319 <-- - fw_info     0x10000321
   2.319 <-- DEVICE_PROJECT  0x100078d0  211-command-usb
   2.319 <-- DEVICE_BOARD    0x1000792c  pico
   2.319 <-- data_variable   0x20000f98  102
   2.320 <-- bss_variable    0x20001e80  2
   2.320 <-- stack_variable  0x20041f7c  1946
   2.320 <-- heap_variable   0x20002378  1951
   4.323 --> fw_info
   4.480 <-- fw_info
   4.480 <-- dbg read_line:110 got fw_info
   4.480 <-- object          address     value
   4.481 <-- main            0x10000329  0xb5f0
   4.481 <-- fw_info         0x100006a5  0x4b38
   4.481 <-- commands        0x10007df8
   4.481 <-- - enable      0x10000281
   4.481 <-- - disable     0x100002bd
   4.481 <-- - info        0x100002f9
   4.482 <-- - version     0x10000301
   4.482 <-- - ping        0x10000309
   4.482 <-- - mem_info    0x10000319
   4.482 <-- - fw_info     0x10000321
   4.482 <-- DEVICE_PROJECT  0x100078d0  211-command-usb
   4.482 <-- DEVICE_BOARD    0x1000792c  pico
   4.482 <-- data_variable   0x20000f98  103
   4.482 <-- bss_variable    0x20001e80  3
   4.483 <-- stack_variable  0x20041f7c  1946
   4.483 <-- heap_variable   0x20002378  1951
итог: отправлено команд 3, принято строк 57
