задание: 2.1.3
проект: 211-command-usb
устройство: 2e8a:000a
серийный номер: 5054316540A3259C
порт: /dev/ttyACM0
начало: 2026-10-01T14:25:00
   0.000 --> mem_info
   0.175 <-- mem_info
   0.175 <-- dbg read_line:111 got mem_info
   0.176 <-- area       start      end        size
   0.176 <-- flash      0x10000000 0x10200000  2097152
   0.176 <-- sram       0x20000000 0x20042000   270336
   0.176 <-- rom        0x00000000 0x00004000    16384
   0.176 <-- image      0x10000000 0x1000866c    34412
   0.176 <-- free       0x1000866c 0x10200000  2062740
   0.177 <-- boot2      0x10000000 0x10000100      256
   0.177 <-- text       0x10000100 0x100076ac    30124
   0.177 <-- data flash 0x100076ac 0x1000866c     4032
   0.177 <-- data ram   0x200000c0 0x20001080     4032
   0.177 <-- bss        0x20001080 0x20001cbc     3132
   0.177 <-- heap       0x20001cbc 0x20040000   254788
   0.177 <-- stack      0x20041800 0x20042000     2048
   0.177 <-- total
   0.178 <-- flash image    34412 = boot2 256 + text 30124 + data 4032
   0.178 <-- flash free   2062740 of 2097152
   0.178 <-- ram used        7164 = data 4032 + bss 3132
   0.178 <-- ram free      254788 for heap and 2048 for stack
итог: отправлено команд 1, принято строк 20
